D:/STM32Projects/Embedded Systems BM GU Course/chip_headers/CMSIS/Include/core_cm4.h:1688:22:__NVIC_EnableIRQ	16	static
../Src/uart.c:31:5:__io_putchar	16	static
../Src/uart.c:36:6:dma1_stream6_init	24	static
../Src/uart.c:86:6:uart2_rx_interrupt_init	8	static
../Src/uart.c:132:6:uart2_rxtx_init	8	static
../Src/uart.c:172:6:uart2_tx_init	8	static
../Src/uart.c:202:6:uart2_read	4	static
../Src/uart.c:212:6:uart2_write	16	static
../Src/uart.c:222:13:uart_set_baudrate	24	static
../Src/uart.c:226:17:compute_uart_bd	16	static
