22:14:26 **** Incremental Build of configuration Debug for project 18_Systick_Interrupt ****
make -j16 all 
arm-none-eabi-gcc "../Src/main.c" -mcpu=cortex-m4 -std=gnu11 -g3 -DDEBUG -DSTM32 -DSTM32F4 -DSTM32F411CEUx -DSTM32F411xE -c -I../Inc -I"D:/STM32Projects/Embedded Systems BM GU Course/chip_headers/CMSIS/Device/ST/STM32F4xx/Include" -I"D:/STM32Projects/Embedded Systems BM GU Course/chip_headers/CMSIS/Include" -O0 -ffunction-sections -fdata-sections -Wall -fstack-usage -fcyclomatic-complexity -MMD -MP -MF"Src/main.d" -MT"Src/main.o" --specs=nano.specs -mfpu=fpv4-sp-d16 -mfloat-abi=hard -mthumb -o "Src/main.o"
arm-none-eabi-gcc -o "18_Systick_Interrupt.elf" @"objects.list"   -mcpu=cortex-m4 -T"D:\STM32Projects\Embedded Systems BM GU Course\18_Systick_Interrupt\STM32F411CEUX_FLASH.ld" --specs=nosys.specs -Wl,-Map="18_Systick_Interrupt.map" -Wl,--gc-sections -static --specs=nano.specs -mfpu=fpv4-sp-d16 -mfloat-abi=hard -mthumb -Wl,--start-group -lc -lm -Wl,--end-group
Finished building target: 18_Systick_Interrupt.elf
 
arm-none-eabi-size  18_Systick_Interrupt.elf 
arm-none-eabi-objdump -h -S 18_Systick_Interrupt.elf  > "18_Systick_Interrupt.list"
   text	   data	    bss	    dec	    hex	filename
   1116	      0	   1568	   2684	    a7c	18_Systick_Interrupt.elf
Finished building: default.size.stdout
 
Finished building: 18_Systick_Interrupt.list
 

22:14:26 Build Finished. 0 errors, 0 warnings. (took 481ms)

