06:01:01 **** Incremental Build of configuration Debug for project 21_I2C_GY521 ****
make -j16 all 
arm-none-eabi-gcc "../Src/main.c" -mcpu=cortex-m4 -std=gnu11 -g3 -DDEBUG -DSTM32 -DSTM32F4 -DSTM32F411CEUx -DSTM32F411xE -c -I../Inc -I"D:/STM32Projects/Embedded Systems BM GU Course/chip_headers/CMSIS/Device/ST/STM32F4xx/Include" -I"D:/STM32Projects/Embedded Systems BM GU Course/chip_headers/CMSIS/Include" -O0 -ffunction-sections -fdata-sections -Wall -fstack-usage -fcyclomatic-complexity -MMD -MP -MF"Src/main.d" -MT"Src/main.o" --specs=nano.specs -mfpu=fpv4-sp-d16 -mfloat-abi=hard -mthumb -o "Src/main.o"
arm-none-eabi-gcc -o "21_I2C_GY521.elf" @"objects.list"   -mcpu=cortex-m4 -T"D:\STM32Projects\Embedded Systems BM GU Course\21_I2C_GY521\STM32F411CEUX_FLASH.ld" --specs=nosys.specs -Wl,-Map="21_I2C_GY521.map" -Wl,--gc-sections -static --specs=nano.specs -mfpu=fpv4-sp-d16 -mfloat-abi=hard -mthumb -Wl,--start-group -lc -lm -Wl,--end-group
Finished building target: 21_I2C_GY521.elf
 
arm-none-eabi-size  21_I2C_GY521.elf 
arm-none-eabi-objdump -h -S 21_I2C_GY521.elf  > "21_I2C_GY521.list"
   text	   data	    bss	    dec	    hex	filename
   1540	      0	   1576	   3116	    c2c	21_I2C_GY521.elf
Finished building: default.size.stdout
 
Finished building: 21_I2C_GY521.list
 

06:01:01 Build Finished. 0 errors, 0 warnings. (took 508ms)

